--------------------------------------------------------------------------------
      name:  <unnamed>
       log:  C:\Users\merz\Documents\manifestata3\test_output.txt
  log type:  text
 opened on:  12 Oct 2016, 12:10:00

. set more off

. set linesize 80

. *** manifestata test script
. clear 

. 
. mp_clearcache

. 
. *** mp_setapikey
. 
. * correct key from file
. mp_setapikey using "manifesto_apikey.txt"
The API Key was not set.
The new API Key is: 4d0e6feea68b86ff367a41fb26d4836a

. mp_coreversions

----------------------------------------------------------------------
  id           name                                         link
----------------------------------------------------------------------
  MPDS2012a    Manifesto Project Dataset (version 2012a)    download
  MPDS2012b    Manifesto Project Dataset (version 2012b)    download
  MPDS2013a    Manifesto Project Dataset (version 2013a)    download
  MPDS2013b    Manifesto Project Dataset (version 2013b)    download
  MPDS2014a    Manifesto Project Dataset (version 2014a)    download
  MPDS2014b    Manifesto Project Dataset (version 2014b)    download
  MPDS2015a    Manifesto Project Dataset (version 2015a)    download
  MPDS2016a    Manifesto Project Dataset (version 2016a)    download
----------------------------------------------------------------------


. 
. * set wrong key 
. mp_setapikey, apikey(123456)
The API Key was set to: 4d0e6feea68b86ff367a41fb26d4836a
The new API Key is: 123456

. * should output message that key is wrong
. capture mp_coreversions

. dis _rc
673

. 
. 
. **** mp_maindataset
. 
. clear 

. mp_setapikey using "manifesto_apikey.txt"
The API Key was set to: 123456
The new API Key is: 4d0e6feea68b86ff367a41fb26d4836a

. 
. * most recent * 
. mp_maindataset

Connecting to Manifesto Project DB API...

You are currently using core version MPDS2016a. Please cite as: 
"Volkens, Andrea / Lehmann, Pola / MatthieÃŸ, Theres / Merz, Nicolas / Regel, Sve
> n with Werner, Annika (2016): The Manifesto Data Collection. Manifesto Project
>  (MRG/CMP/MARPOR). Version 2016a. Berlin: Wissenschaftszentrum Berlin fÃ¼r Sozi
> alforschung (WZB)"


. list party date rile in 1/5

     +-------------------------------------------------------+
     | party                                   date     rile |
     |-------------------------------------------------------|
  1. | swe: Left Party                       194409     9.60 |
  2. | swe: Social Democratic Labour Party   194409   -37.80 |
  3. | swe: Liberal Peopleâ€™s Party           194409     9.50 |
  4. | swe: Moderate Coalition Party         194409    28.00 |
  5. | swe: Centre Party                     194409    23.81 |
     +-------------------------------------------------------+

. 
. * get specific version version
. mp_maindataset, clear version(MPDS2014b) 

Connecting to Manifesto Project DB API...

You are currently using core version MPDS2014b. Please cite as: 
"Volkens, Andrea / Lehmann, Pola / Merz, Nicolas / Regel, Sven / Werner, Annika 
> with Schultze, Henrike (2014): The Manifesto Data Collection. Manifesto Projec
> t (MRG/CMP/MARPOR). Version 2014b. Berlin: Wissenschaftszentrum Berlin fÃ¼r Soz
> ialforschung (WZB)"


. list party date rile in 1/5

     +-------------------------------------------------------+
     | party                                   date     rile |
     |-------------------------------------------------------|
  1. | swe: Left Communists Party            194409     9.60 |
  2. | swe: Social Democratic Labour Party   194409   -37.80 |
  3. | swe: Liberal People’s Party           194409     9.50 |
  4. | swe: Moderate Coalition Party         194409    28.00 |
  5. | swe: Centre Party                     194409    23.81 |
     +-------------------------------------------------------+

. 
. * should produce error as not cleared
. mp_maindataset, version(MPDS2014a)

Connecting to Manifesto Project DB API...

You are currently using core version MPDS2014a. Please cite as: 
"Volkens, Andrea / Lehmann, Pola / Merz, Nicolas / Regel, Sven / Werner, Annika 
> with Lacewell, Onawa Promise / Schultze, Henrike (2014): The Manifesto Data Co
> llection. Manifesto Project (MRG/CMP/MARPOR). Version 2014a. Berlin: Wissensch
> aftszentrum Berlin fÃ¼r Sozialforschung (WZB)"


. clear

. mp_maindataset, version(MPDS2013a) // should put this into cache

Connecting to Manifesto Project DB API...

You are currently using core version MPDS2013a. Please cite as: 
"Volkens, Andrea/Lehmann, Pola/Merz, Nicolas/Regel, Sven/Werner, Annika with Lac
> ewell, Onawa Promise/Schultze, Henrike (2013): The Manifesto Data Collection. 
> Manifesto Project (MRG/CMP/MARPOR). Version 2013a. Berlin: Wissenschaftszentru
> m Berlin fÃ¼r Sozialforschung (WZB)
"


. clear

. 
. ** should get the cached version
. mp_maindataset, version(MPDS2013b) 

Connecting to Manifesto Project DB API...

You are currently using core version MPDS2013b. Please cite as: 
"Volkens, Andrea / Lehmann, Pola / Merz, Nicolas / Regel, Sven / Werner, Annika 
> with Lacewell, Onawa Promise / Schultze, Henrike (2013): The Manifesto Data Co
> llection. Manifesto Project (MRG/CMP/MARPOR). Version 2013b. Berlin: Wissensch
> aftszentrum Berlin fÃ¼r Sozialforschung (WZB)

"


. 
. ** should again get the uncached version
. mp_maindataset, version(MPDS2014b) nocache clear

Connecting to Manifesto Project DB API...

You are currently using core version MPDS2014b. Please cite as: 
"Volkens, Andrea / Lehmann, Pola / Merz, Nicolas / Regel, Sven / Werner, Annika 
> with Schultze, Henrike (2014): The Manifesto Data Collection. Manifesto Projec
> t (MRG/CMP/MARPOR). Version 2014b. Berlin: Wissenschaftszentrum Berlin fÃ¼r Soz
> ialforschung (WZB)"


. 
. 
. **** mp_corpusversions 
. mp_corpusversions

----------------------------
  name              tag
----------------------------
  20150522123537    2015-1 
  20150603194507    2015-2 
  20150708174629    2015-3 
  20150914190426    2015-4 
  20151023200520    2015-5 
  20160218181913    2016-1 
  20160315172932    2016-2 
  20160622134246    2016-3 
  20160928122254    2016-4 
  20161007134607    2016-5 
----------------------------


. * mp_corpusversions, dev
. * commented, otherwise we would have to adopt this for every development versi
> on of the corpus. 
. 
. 
. *** mp_metadata
. mp_metadata 41113_200909, version(2016-1)

--------------------------------------------------------------------------------
> --------------------------------------------------
  party  date    language            source  has_eu_code  is_primary_doc  may_co
> ntradict_core_dataset  manifesto_id  annotations
--------------------------------------------------------------------------------
> --------------------------------------------------
  41113  200909  german              MARPOR  TRUE         TRUE            FALSE 
>                        41113_2009  true        
--------------------------------------------------------------------------------
> --------------------------------------------------

. mp_metadata 41320_200509 41320_200909, version(2016-5)

--------------------------------------------------------------------------------
> --------------------------------------------------
  party  date    language            source  has_eu_code  is_primary_doc  may_co
> ntradict_core_dataset  manifesto_id  annotations
--------------------------------------------------------------------------------
> --------------------------------------------------
  41320  200509  german              MARPOR  FALSE        TRUE            TRUE  
>                        41320_200509  true        
  41320  200909  german              MARPOR  TRUE         TRUE            FALSE 
>                        41320_200909  true        
--------------------------------------------------------------------------------
> --------------------------------------------------

. mp_metadata 41320_200509 41320_200909 

--------------------------------------------------------------------------------
> --------------------------------------------------
  party  date    language            source  has_eu_code  is_primary_doc  may_co
> ntradict_core_dataset  manifesto_id  annotations
--------------------------------------------------------------------------------
> --------------------------------------------------
  41320  200509  german              MARPOR  FALSE        TRUE            TRUE  
>                        41320_2005  true        
  41320  200909  german              MARPOR  TRUE         TRUE            FALSE 
>                        41320_2009  true        
--------------------------------------------------------------------------------
> --------------------------------------------------

. 
. mp_metadata if party==41111 | party == 41112 | party == 41113

--------------------------------------------------------------------------------
> --------------------------------------------------
  party  date    language            source  has_eu_code  is_primary_doc  may_co
> ntradict_core_dataset  manifesto_id  annotations
--------------------------------------------------------------------------------
> --------------------------------------------------
  41111  198303  .                   CEMP    FALSE        TRUE            FALSE 
>                        41111_1983    false       
  41111  198701  .                   CEMP    FALSE        TRUE            FALSE 
>                        41111_1987    false       
  41112  199012  .                   CEMP    FALSE        TRUE            FALSE 
>                        41112_1990    false       
  41113  199410  .                   CEMP    FALSE        TRUE            FALSE 
>                        41113_1994    false       
  41113  199809  german              MARPOR  FALSE        TRUE            TRUE  
>                        41113_1998  true        
  41113  200209  german              MARPOR  FALSE        TRUE            TRUE  
>                        41113_2002  true        
  41113  200509  german              MARPOR  FALSE        TRUE            TRUE  
>                        41113_2005  true        
  41113  200909  german              MARPOR  TRUE         TRUE            FALSE 
>                        41113_2009  true        
  41113  201309  german              MARPOR  FALSE        TRUE            FALSE 
>                        41113_2013  true        
--------------------------------------------------------------------------------
> --------------------------------------------------

. mp_metadata if datasetorigin==90

--------------------------------------------------------------------------------
> --------------------------------------------------
  party  date    language            source  has_eu_code  is_primary_doc  may_co
> ntradict_core_dataset  manifesto_id  annotations
--------------------------------------------------------------------------------
> --------------------------------------------------
  22110  201209  dutch               MARPOR  FALSE        TRUE            FALSE 
>                        22110_2012  true        
  22220  201209  dutch               MARPOR  FALSE        TRUE            FALSE 
>                        22220_2012  true        
  22320  201209  dutch               MARPOR  FALSE        TRUE            FALSE 
>                        22320_2012  true        
  22330  201209  dutch               MARPOR  FALSE        TRUE            FALSE 
>                        22330_2012  true        
  22420  201209  dutch               MARPOR  FALSE        TRUE            FALSE 
>                        22420_2012  true        
  22521  201209  dutch               MARPOR  FALSE        TRUE            FALSE 
>                        22521_2012  true        
  22526  201209  dutch               MARPOR  FALSE        TRUE            FALSE 
>                        22526_2012  true        
  22722  201209  dutch               MARPOR  FALSE        TRUE            FALSE 
>                        22722_2012  true        
  22951  201209  dutch               MARPOR  FALSE        TRUE            FALSE 
>                        22951_2012  true        
  22952  201209  dutch               MARPOR  FALSE        TRUE            FALSE 
>                        22952_2012  true        
  22953  201209  dutch               MARPOR  FALSE        TRUE            FALSE 
>                        22953_2012  true        
  34020  200709  greek               MARPOR  FALSE        TRUE            FALSE 
>                        34020_2007  true        
  34210  200709  greek               MARPOR  FALSE        TRUE            FALSE 
>                        34210_2007  true        
  34313  200709  greek               MARPOR  FALSE        TRUE            FALSE 
>                        34313_2007  true        
  34511  200709  greek               MARPOR  FALSE        TRUE            FALSE 
>                        34511_2007  true        
  34710  200709  greek               MARPOR  FALSE        TRUE            FALSE 
>                        34710_2007  true        
  34020  200910  greek               MARPOR  FALSE        TRUE            FALSE 
>                        34020_2009  true        
  34210  200910  greek               MARPOR  FALSE        TRUE            FALSE 
>                        34210_2009  true        
  34313  200910  greek               MARPOR  FALSE        TRUE            FALSE 
>                        34313_2009  true        
  34511  200910  greek               MARPOR  FALSE        TRUE            FALSE 
>                        34511_2009  true        
  34020  201205  greek               MARPOR  FALSE        TRUE            FALSE 
>                        34020_201205  true        
  34210  201205  greek               MARPOR  FALSE        TRUE            FALSE 
>                        34210_201205  true        
  34213  201205  greek               MARPOR  FALSE        TRUE            FALSE 
>                        34213_201205  true        
  34313  201205  greek               MARPOR  FALSE        TRUE            FALSE 
>                        34313_201205  true        
  34511  201205  greek               MARPOR  FALSE        TRUE            FALSE 
>                        34511_201205  true        
  34710  201205  greek               MARPOR  FALSE        TRUE            FALSE 
>                        34710_201205  true        
  34720  201205  greek               MARPOR  FALSE        TRUE            FALSE 
>                        34720_201205  true        
  34730  201205  greek               MARPOR  FALSE        TRUE            FALSE 
>                        34730_201205  true        
  34020  201206  greek               MARPOR  FALSE        TRUE            FALSE 
>                        34020_201206  true        
  34210  201206  greek               MARPOR  FALSE        TRUE            FALSE 
>                        34210_201206  true        
  34213  201206  greek               MARPOR  FALSE        TRUE            FALSE 
>                        34213_201206  true        
  34313  201206  greek               MARPOR  FALSE        TRUE            FALSE 
>                        34313_201206  true        
  34511  201206  greek               MARPOR  FALSE        TRUE            FALSE 
>                        34511_201206  true        
  34720  201206  greek               MARPOR  FALSE        TRUE            FALSE 
>                        34720_201206  true        
  34730  201206  greek               MARPOR  FALSE        TRUE            FALSE 
>                        34730_201206  true        
  41113  201309  german              MARPOR  FALSE        TRUE            FALSE 
>                        41113_2013  true        
  43530  200310  .                   CEMP    FALSE        TRUE            FALSE 
>                        43530_2003    false       
  55110  200605  greek               MARPOR  FALSE        TRUE            FALSE 
>                        55110_2006  true        
  55321  200605  greek               MARPOR  FALSE        TRUE            FALSE 
>                        55321_2006  true        
  55322  200605  greek               MARPOR  FALSE        TRUE            FALSE 
>                        55322_2006  true        
  55422  200605  greek               MARPOR  FALSE        TRUE            FALSE 
>                        55422_2006  true        
  55430  200605  greek               MARPOR  FALSE        TRUE            FALSE 
>                        55430_2006  true        
  55711  200605  greek               MARPOR  FALSE        TRUE            FALSE 
>                        55711_2006  true        
  55110  201105  greek               MARPOR  FALSE        TRUE            FALSE 
>                        55110_2011  true        
  55321  201105  greek               MARPOR  FALSE        TRUE            FALSE 
>                        55321_2011  true        
  55322  201105  greek               MARPOR  FALSE        TRUE            FALSE 
>                        55322_2011  true        
  55422  201105  greek               MARPOR  FALSE        TRUE            FALSE 
>                        55422_2011  true        
  55430  201105  greek               MARPOR  FALSE        TRUE            FALSE 
>                        55430_2011  true        
  55711  201105  greek               MARPOR  FALSE        TRUE            FALSE 
>                        55711_2011  true        
  76041  201205  bulgarian           MARPOR  FALSE        TRUE            FALSE 
>                        76041_2012  true        
  76321  201205  finnish             MARPOR  FALSE        TRUE            FALSE 
>                        76321_2012  true        
  76420  201205  armenian            MARPOR  FALSE        TRUE            FALSE 
>                        76420_2012  true        
  76430  201205  armenian            MARPOR  FALSE        TRUE            FALSE 
>                        76430_2012  true        
  76610  201205  armenian            MARPOR  FALSE        TRUE            FALSE 
>                        76610_2012  true        
  76620  201205  armenian            MARPOR  FALSE        TRUE            FALSE 
>                        76620_2012  true        
  86061  201404  hungarian           MARPOR  FALSE        TRUE            FALSE 
>                        86061_2014  true        
  86110  201404  hungarian           MARPOR  FALSE        TRUE            FALSE 
>                        86110_2014  true        
  86220  201404  hungarian           MARPOR  FALSE        TRUE            FALSE 
>                        86220_2014  true        
  86221  201404  hungarian           MARPOR  FALSE        TRUE            FALSE 
>                        86221_2014  true        
  86340  201404  hungarian           MARPOR  FALSE        TRUE            FALSE 
>                        86340_2014  true        
  86710  201404  .                   MARPOR  FALSE        TRUE            FALSE 
>                        86710_2014  true        
  89710  200209  macedonian          MARPOR  FALSE        TRUE            TRUE  
>                        89710_2002  true        
  89031  201404  bulgarian           MARPOR  FALSE        TRUE            FALSE 
>                        89031_2014  true        
  89221  201404  bulgarian           MARPOR  FALSE        TRUE            FALSE 
>                        89221_2014  true        
  89710  201404  bulgarian           MARPOR  FALSE        TRUE            FALSE 
>                        89710_2014  true        
  89910  201404  bulgarian           MARPOR  FALSE        TRUE            FALSE 
>                        89910_2014  true        
  89930  201404  bulgarian           MARPOR  FALSE        TRUE            FALSE 
>                        89930_2014  true        
--------------------------------------------------------------------------------
> --------------------------------------------------

. 
. *** save metadata
. mp_metadata 41320_200509, saving(greens1, replace)

--------------------------------------------------------------------------------
> --------------------------------------------------
  party  date    language            source  has_eu_code  is_primary_doc  may_co
> ntradict_core_dataset  manifesto_id  annotations
--------------------------------------------------------------------------------
> --------------------------------------------------
  41320  200509  german              MARPOR  FALSE        TRUE            TRUE  
>                        41320_2005  true        
--------------------------------------------------------------------------------
> --------------------------------------------------
file greens1.dta saved

. mp_metadata if party==41111, saving("greens", replace) 

--------------------------------------------------------------------------------
> --------------------------------------------------
  party  date    language            source  has_eu_code  is_primary_doc  may_co
> ntradict_core_dataset  manifesto_id  annotations
--------------------------------------------------------------------------------
> --------------------------------------------------
  41111  198303  .                   CEMP    FALSE        TRUE            FALSE 
>                        41111_1983    false       
  41111  198701  .                   CEMP    FALSE        TRUE            FALSE 
>                        41111_1987    false       
--------------------------------------------------------------------------------
> --------------------------------------------------
file greens.dta saved

. mp_metadata if countryname == "France", saving(france, replace)

--------------------------------------------------------------------------------
> --------------------------------------------------
  party  date    language            source  has_eu_code  is_primary_doc  may_co
> ntradict_core_dataset  manifesto_id  annotations
--------------------------------------------------------------------------------
> --------------------------------------------------
  31220  195811  .                   CEMP    FALSE        TRUE            FALSE 
>                        31220_1958    false       
  31521  195811  .                   CEMP    FALSE        TRUE            FALSE 
>                        31521_1958    false       
  31220  196211  .                   CEMP    FALSE        TRUE            FALSE 
>                        31220_1962    false       
  31320  196211  .                   CEMP    FALSE        TRUE            FALSE 
>                        31320_1962    false       
  31421  196211  .                   CEMP    FALSE        TRUE            FALSE 
>                        31421_1962    false       
  31521  196211  .                   CEMP    FALSE        TRUE            FALSE 
>                        31521_1962    false       
  31621  196211  .                   CEMP    FALSE        TRUE            FALSE 
>                        31621_1962    false       
  31622  196211  .                   CEMP    FALSE        TRUE            FALSE 
>                        31622_1962    false       
  31220  196703  .                   CEMP    FALSE        TRUE            FALSE 
>                        31220_1967    false       
  31522  196703  .                   CEMP    FALSE        TRUE            FALSE 
>                        31522_1967    false       
  31621  196703  .                   CEMP    FALSE        TRUE            FALSE 
>                        31621_1967    false       
  31320  196806  .                   CEMP    FALSE        TRUE            FALSE 
>                        31320_1968    false       
  31522  196806  .                   CEMP    FALSE        TRUE            FALSE 
>                        31522_1968    false       
  31621  196806  .                   CEMP    FALSE        TRUE            FALSE 
>                        31621_1968    false       
  31220  197303  .                   CEMP    FALSE        TRUE            FALSE 
>                        31220_1973    false       
  31621  197303  .                   CEMP    FALSE        TRUE            FALSE 
>                        31621_1973    false       
  31220  197803  .                   CEMP    FALSE        TRUE            FALSE 
>                        31220_1978    false       
  31220  198106  .                   CEMP    FALSE        TRUE            FALSE 
>                        31220_1981    false       
  31320  198106  .                   CEMP    FALSE        TRUE            FALSE 
>                        31320_1981    false       
  31621  198106  .                   CEMP    FALSE        TRUE            FALSE 
>                        31621_1981    false       
  31622  198106  .                   CEMP    FALSE        TRUE            FALSE 
>                        31622_1981    false       
  31220  198603  .                   CEMP    FALSE        TRUE            FALSE 
>                        31220_1986    false       
  31320  198603  .                   CEMP    FALSE        TRUE            FALSE 
>                        31320_1986    false       
  31621  198603  .                   CEMP    FALSE        TRUE            FALSE 
>                        31621_1986    false       
  31220  198806  .                   CEMP    FALSE        TRUE            FALSE 
>                        31220_1988    false       
  31320  198806  .                   CEMP    FALSE        TRUE            FALSE 
>                        31320_1988    false       
  31621  198806  .                   CEMP    FALSE        TRUE            FALSE 
>                        31621_1988    false       
  31110  199303  .                   CEMP    FALSE        TRUE            FALSE 
>                        31110_1993    false       
  31320  199303  .                   CEMP    FALSE        TRUE            FALSE 
>                        31320_1993    false       
  31624  199303  .                   CEMP    FALSE        TRUE            FALSE 
>                        31624_1993    false       
  31625  199303  .                   CEMP    FALSE        TRUE            FALSE 
>                        31625_1993    false       
  31110  199705  .                   CEMP    FALSE        TRUE            FALSE 
>                        31110_1997    false       
  31111  199705  .                   CEMP    FALSE        TRUE            FALSE 
>                        31111_1997    false       
  31220  199705  .                   CEMP    FALSE        TRUE            FALSE 
>                        31220_1997    false       
  31320  199705  .                   CEMP    FALSE        TRUE            FALSE 
>                        31320_1997    false       
  31624  199705  .                   CEMP    FALSE        TRUE            FALSE 
>                        31624_1997    false       
  31720  199705  .                   CEMP    FALSE        TRUE            FALSE 
>                        31720_1997    false       
  31110  200206  .                   CEMP    FALSE        TRUE            FALSE 
>                        31110_2002    false       
  31220  200206  .                   CEMP    FALSE        TRUE            FALSE 
>                        31220_2002    false       
  31320  200206  .                   CEMP    FALSE        TRUE            FALSE 
>                        31320_2002    false       
  31624  200206  .                   CEMP    FALSE        TRUE            FALSE 
>                        31624_2002    false       
  31626  200206  .                   CEMP    FALSE        TRUE            FALSE 
>                        31626_2002    false       
  31720  200206  .                   CEMP    FALSE        TRUE            FALSE 
>                        31720_2002    false       
  31021  201206  french              MARPOR  FALSE        TRUE            FALSE 
>                        31021_2012  true        
  31110  201206  french              MARPOR  FALSE        TRUE            FALSE 
>                        31110_2012  true        
  31230  201206  french              MARPOR  FALSE        TRUE            FALSE 
>                        31230_2012  true        
  31320  201206  french              MARPOR  FALSE        TRUE            FALSE 
>                        31320_2012  true        
  31421  201206  french              MARPOR  FALSE        TRUE            FALSE 
>                        31421_2012  true        
  31624  201206  french              MARPOR  FALSE        TRUE            FALSE 
>                        31624_2012  true        
  31626  201206  french              MARPOR  FALSE        TRUE            FALSE 
>                        31626_2012  true        
  31630  201206  french              MARPOR  FALSE        TRUE            FALSE 
>                        31630_2012  true        
  31631  201206  french              MARPOR  FALSE        TRUE            FALSE 
>                        31631_2012  true        
  31720  201206  french              MARPOR  FALSE        TRUE            FALSE 
>                        31720_2012  true        
--------------------------------------------------------------------------------
> --------------------------------------------------
file france.dta saved

. 
. 
. *** mp corpus
. mp_corpus 41320_200909, clear version(2016-3)

Connecting to Manifesto Project DB API...
Corpus data retrieved from server for key(s): 41320_200909        

You are currently using corpus version 2016-3. Please cite as: 
"Lehmann, Pola / MatthieÃŸ, Theres / Merz, Nicolas / Regel, Sven / Werner, Annika
>  (2016): Manifesto Corpus. Version: 2016-3. Berlin: WZB Berlin Social Science 
> Center."



. clear

. mp_corpus 41320_200909, clear version(2016-3)

Accessing data cache...
Corpus data retrieved from cache for key(s): 41320_200909        

You are currently using corpus version 2016-3. Please cite as: 
"Lehmann, Pola / MatthieÃŸ, Theres / Merz, Nicolas / Regel, Sven / Werner, Annika
>  (2016): Manifesto Corpus. Version: 2016-3. Berlin: WZB Berlin Social Science 
> Center."



. 
. mp_setcorpusversion 2015-4
The corpus version was set to: 2015-4

. 
. mp_corpus 41320_200909, clear

Connecting to Manifesto Project DB API...
Corpus data retrieved from server for key(s): 41320_200909        

You are currently using corpus version 2015-4. Please cite as: 
"Lehmann, Pola / MatthieÃŸ, Theres / Merz, Nicolas / Regel, Sven / Werner, Annika
>  (2015): Manifesto Corpus. Version: 2015-4. Berlin: WZB Berlin Social Science 
> Center."



. 
. mp_corpus if country == 41, clear

Connecting to Manifesto Project DB API...

Accessing data cache...
Corpus data retrieved from server for key(s): 41113_199809 41221_199809 41320_19
> 9809 41420_199809 41521_199809 41113_200209 41221_200209 41320_200209 41420_20
> 0209 41521_200209 41113_200509 41320_200509 41113_200909 41223_200909 41420_20
> 0909 41521_200909 41113_201309 41223_201309 41320_201309 41420_201309 41521_20
> 1309 41952_201309 41953_201309 
Corpus data retrieved from cache for key(s): 41320_200909        
No annotated corpus data found on server for key(s): 41320_196109 41420_196109 4
> 1521_196109 41320_196509 41420_196509 41521_196509 41320_196909 41420_196909 4
> 1521_196909 41320_197211 41521_197211 41320_197610 41420_197610 41521_197610 4
> 1320_198010 41420_198010 41521_198010 41111_198303 41320_198303 41420_198303 4
> 1521_198303 41111_198701 41320_198701 41420_198701 41521_198701 41112_199012 4
> 1221_199012 41320_199012 41420_199012 41521_199012 41113_199410 41221_199410 4
> 1320_199410 41420_199410 41521_199410 

You are currently using corpus version 2015-4. Please cite as: 
"Lehmann, Pola / MatthieÃŸ, Theres / Merz, Nicolas / Regel, Sven / Werner, Annika
>  (2015): Manifesto Corpus. Version: 2015-4. Berlin: WZB Berlin Social Science 
> Center."



. 
. tab cmp_code

   cmp_code |      Freq.     Percent        Cum.
------------+-----------------------------------
          . |      3,532        7.17        7.17
          0 |        383        0.78        7.94
        101 |         89        0.18        8.12
        102 |          7        0.01        8.14
        103 |         28        0.06        8.19
        104 |        371        0.75        8.95
        105 |        582        1.18       10.13
        106 |        395        0.80       10.93
        107 |      1,496        3.03       13.96
        108 |        826        1.68       15.64
        109 |         12        0.02       15.66
        110 |        213        0.43       16.10
        201 |      2,270        4.61       20.70
        202 |      1,855        3.76       24.46
        203 |        101        0.20       24.67
        204 |         37        0.08       24.74
        301 |        658        1.33       26.08
        302 |        111        0.23       26.30
        303 |      2,304        4.67       30.98
        304 |        206        0.42       31.40
        305 |      1,445        2.93       34.33
        401 |        804        1.63       35.96
        402 |        826        1.68       37.63
        403 |      2,419        4.91       42.54
        404 |        169        0.34       42.88
        405 |        139        0.28       43.17
        406 |         36        0.07       43.24
        407 |        121        0.25       43.48
        408 |      1,172        2.38       45.86
        409 |        132        0.27       46.13
        410 |        317        0.64       46.77
        411 |      2,933        5.95       52.72
        412 |        199        0.40       53.13
        413 |        228        0.46       53.59
        414 |        648        1.31       54.90
        415 |         57        0.12       55.02
        416 |        772        1.57       56.58
        501 |      2,678        5.43       62.02
        502 |      1,077        2.18       64.20
        503 |      3,918        7.95       72.15
        504 |      2,342        4.75       76.90
        505 |        342        0.69       77.60
        506 |      1,980        4.02       81.61
        507 |         39        0.08       81.69
        601 |        386        0.78       82.47
        602 |        153        0.31       82.78
        603 |        511        1.04       83.82
        604 |        442        0.90       84.72
        605 |      1,070        2.17       86.89
        606 |      1,086        2.20       89.09
        607 |        448        0.91       90.00
        608 |        149        0.30       90.30
        701 |      2,112        4.28       94.59
        702 |         86        0.17       94.76
        703 |        464        0.94       95.70
        704 |        107        0.22       95.92
        705 |        852        1.73       97.65
        706 |      1,159        2.35      100.00
------------+-----------------------------------
      Total |     49,294      100.00

. 
. 
. *** mp cite
. mp_cite,core(MPDS2016a) corpus(2016-2)
You are currently using corpus version 2016-2. Please cite as: 
"Lehmann, Pola / MatthieÃŸ, Theres / Merz, Nicolas / Regel, Sven / Werner, Annika
>  (2016): Manifesto Corpus. Version: 2016-2. Berlin: WZB Berlin Social Science 
> Center."

You are currently using core version MPDS2016a. Please cite as: 
"Volkens, Andrea / Lehmann, Pola / MatthieÃŸ, Theres / Merz, Nicolas / Regel, Sve
> n with Werner, Annika (2016): The Manifesto Data Collection. Manifesto Project
>  (MRG/CMP/MARPOR). Version 2016a. Berlin: Wissenschaftszentrum Berlin fÃ¼r Sozi
> alforschung (WZB)"

. mp_cite,core(MPDS2015a) 
You are currently using core version MPDS2015a. Please cite as: 
"Volkens, Andrea / Lehmann, Pola / MatthieÃŸ, Theres / Merz, Nicolas / Regel, Sve
> n / Werner, Annika (2015): The Manifesto Data Collection. Manifesto Project (M
> RG/CMP/MARPOR). Version 2015a. Berlin: Wissenschaftszentrum Berlin fÃ¼r Sozialf
> orschung (WZB)"

. *mp_cite, corpus(20160205171117) /// I think we have not thought about how dev
>  versions should be cited...
> 
. 
. *** test caching functions
. mp_clearcache

. mp_setapikey using "manifesto_apikey.txt"
The API Key was not set.
The new API Key is: 4d0e6feea68b86ff367a41fb26d4836a

. mp_corpus if country == 41, clear

Connecting to Manifesto Project DB API...
Corpus data retrieved from server for key(s): 41113_199809 41221_199809 41320_19
> 9809 41420_199809 41521_199809 41113_200209 41221_200209 41320_200209 41420_20
> 0209 41521_200209 41113_200509 41320_200509 41113_200909 41223_200909 41320_20
> 0909 41420_200909 41521_200909 41113_201309 41223_201309 41320_201309 41420_20
> 1309 41521_201309 41952_201309 41953_201309 
No annotated corpus data found on server for key(s): 41320_196109 41420_196109 4
> 1521_196109 41320_196509 41420_196509 41521_196509 41320_196909 41420_196909 4
> 1521_196909 41320_197211 41521_197211 41320_197610 41420_197610 41521_197610 4
> 1320_198010 41420_198010 41521_198010 41111_198303 41320_198303 41420_198303 4
> 1521_198303 41111_198701 41320_198701 41420_198701 41521_198701 41112_199012 4
> 1221_199012 41320_199012 41420_199012 41521_199012 41113_199410 41221_199410 4
> 1320_199410 41420_199410 41521_199410 

You are currently using corpus version 2015-4. Please cite as: 
"Lehmann, Pola / MatthieÃŸ, Theres / Merz, Nicolas / Regel, Sven / Werner, Annika
>  (2015): Manifesto Corpus. Version: 2015-4. Berlin: WZB Berlin Social Science 
> Center."



. mp_savecache using cache-saved.dta, replace

. clear

. mp_clearcache

. mp_opencache using cache-saved.dta, clear
  mymaindatasetMPDS2016adata
  mymaindatasetMPDS2016a
  mymaindatasetMPDS2016abstruct
  mymaindatasetMPDS2016avaratt

. 
. 
. 
. capture log close
